﻿
> my-portfolio@0.0.0 build
> vite build

[36mvite v7.2.7 [32mbuilding client environment for production...[36m[39m
transforming...
[32mΓ£ô[39m 3 modules transformed.
node.exe : 
[31mΓ£ù[39m Build 
failed in 105ms
At C:\Program Files\nod
ejs\npm.ps1:29 char:3
+   & $NODE_EXE 
$NPM_CLI_JS $args
+   ~~~~~~~~~~~~~~~~~~~
~~~~~~~~~~
    + CategoryInfo     
         : NotSpecifi  
  ed: ([31mΓ£ù[39m   
  Build failed in 1    
05ms:String) [], R    
emoteException
    + FullyQualifiedEr 
   rorId : NativeComm  
  andError
 
[31merror during 
build:
[31m[@tailwindcss/vite
:generate:build] 
Cannot apply unknown 
utility class `shadow-[
0_4px_30px_rgba(0,`[31
m
file: [36mD:/B.Tech-5 
semester/Devops/portfol
io/my-portfolio/src/ind
ex.css[31m
    at 
onInvalidCandidate (fil
e:///D:/B.Tech-5%20seme
ster/Devops/portfolio/m
y-portfolio/node_module
s/tailwindcss/dist/chun
k-MEY3PWYT.mjs:21:1511)
    at Ae (file:///D:/B
.Tech-5%20semester/Devo
ps/portfolio/my-portfol
io/node_modules/tailwin
dcss/dist/chunk-MEY3PWY
T.mjs:16:36038)
    at file:///D:/B.Tec
h-5%20semester/Devops/p
ortfolio/my-portfolio/n
ode_modules/tailwindcss
/dist/chunk-MEY3PWYT.mj
s:21:355
    at hr (file:///D:/B
.Tech-5%20semester/Devo
ps/portfolio/my-portfol
io/node_modules/tailwin
dcss/dist/chunk-MEY3PWY
T.mjs:3:1718)
    at I (file:///D:/B.
Tech-5%20semester/Devop
s/portfolio/my-portfoli
o/node_modules/tailwind
css/dist/chunk-MEY3PWYT
.mjs:3:1377)
    at xe (file:///D:/B
.Tech-5%20semester/Devo
ps/portfolio/my-portfol
io/node_modules/tailwin
dcss/dist/chunk-MEY3PWY
T.mjs:21:172)
    at zi (file:///D:/B
.Tech-5%20semester/Devo
ps/portfolio/my-portfol
io/node_modules/tailwin
dcss/dist/chunk-MEY3PWY
T.mjs:38:294)
    at async Ba (file:/
//D:/B.Tech-5%20semeste
r/Devops/portfolio/my-p
ortfolio/node_modules/t
ailwindcss/dist/chunk-M
EY3PWYT.mjs:38:631)
    at async Hu (file:/
//D:/B.Tech-5%20semeste
r/Devops/portfolio/my-p
ortfolio/node_modules/t
ailwindcss/dist/chunk-M
EY3PWYT.mjs:38:1406)
    at async nu (file:/
//D:/B.Tech-5%20semeste
r/Devops/portfolio/my-p
ortfolio/node_modules/@
tailwindcss/node/dist/i
ndex.mjs:10:3433)[39m
